{"timestamp": "2026-09-04T15:48:52.652291+00:00", "level": "INFO", "logger": "sovereign_rag", "message": "RapidOCR (ONNX local engine) initialized successfully.", "module": "rapid_ocr", "func": "_initialize", "line": 23}
{"timestamp": "2026-09-04T15:49:36.073279+00:00", "level": "INFO", "logger": "sovereign_rag", "message": "Loading local embedding model: sentence-transformers/all-MiniLM-L6-v2", "module": "embeddings", "func": "_load_model", "line": 61}
{"timestamp": "2026-09-04T15:50:18.959585+00:00", "level": "INFO", "logger": "sovereign_rag", "message": "RapidOCR (ONNX local engine) initialized successfully.", "module": "rapid_ocr", "func": "_initialize", "line": 23}
{"timestamp": "2026-09-04T15:50:39.265860+00:00", "level": "INFO", "logger": "sovereign_rag", "message": "RapidOCR (ONNX local engine) initialized successfully.", "module": "rapid_ocr", "func": "_initialize", "line": 23}
{"timestamp": "2026-09-04T15:51:38.970209+00:00", "level": "INFO", "logger": "sovereign_rag", "message": "Loading local embedding model: sentence-transformers/all-MiniLM-L6-v2", "module": "embeddings", "func": "_load_model", "line": 61}
{"timestamp": "2026-09-04T15:53:33.519218+00:00", "level": "INFO", "logger": "sovereign_rag", "message": "Loading local embedding model: sentence-transformers/all-MiniLM-L6-v2", "module": "embeddings", "func": "_load_model", "line": 61}
{"timestamp": "2026-09-04T15:53:48.909427+00:00", "level": "INFO", "logger": "sovereign_rag", "message": "SentenceTransformer model loaded successfully.", "module": "embeddings", "func": "_load_model", "line": 64}
{"timestamp": "2026-09-04T15:53:48.928712+00:00", "level": "INFO", "logger": "sovereign_rag", "message": "Loading local CrossEncoder reranker: cross-encoder/ms-marco-MiniLM-L-6-v2", "module": "reranker", "func": "_initialize", "line": 23}
{"timestamp": "2026-09-04T15:54:25.505977+00:00", "level": "INFO", "logger": "sovereign_rag", "message": "CrossEncoder reranker loaded successfully.", "module": "reranker", "func": "_initialize", "line": 25}
{"timestamp": "2026-09-04T15:54:26.804928+00:00", "level": "INFO", "logger": "sovereign_rag", "message": "Initializing embedded Qdrant on local disk at: data\\qdrant", "module": "vector_store", "func": "__init__", "line": 32}
{"timestamp": "2026-09-04T15:54:27.104993+00:00", "level": "INFO", "logger": "sovereign_rag", "message": "Creating Qdrant collection: sovereign_knowledge_base (dim=384)", "module": "vector_store", "func": "_ensure_collection", "line": 43}
{"timestamp": "2026-09-04T15:55:57.629103+00:00", "level": "INFO", "logger": "sovereign_rag", "message": "Loading local embedding model: sentence-transformers/all-MiniLM-L6-v2", "module": "embeddings", "func": "_load_model", "line": 61}
{"timestamp": "2026-09-04T15:56:10.202575+00:00", "level": "INFO", "logger": "sovereign_rag", "message": "SentenceTransformer model loaded successfully.", "module": "embeddings", "func": "_load_model", "line": 64}
{"timestamp": "2026-09-04T15:56:10.208584+00:00", "level": "INFO", "logger": "sovereign_rag", "message": "Loading local CrossEncoder reranker: cross-encoder/ms-marco-MiniLM-L-6-v2", "module": "reranker", "func": "_initialize", "line": 23}
{"timestamp": "2026-09-04T15:56:22.911326+00:00", "level": "INFO", "logger": "sovereign_rag", "message": "CrossEncoder reranker loaded successfully.", "module": "reranker", "func": "_initialize", "line": 25}
{"timestamp": "2026-09-04T15:56:24.169648+00:00", "level": "INFO", "logger": "sovereign_rag", "message": "Initializing embedded Qdrant on local disk at: data\\qdrant", "module": "vector_store", "func": "__init__", "line": 33}
{"timestamp": "2026-09-04T15:56:25.115968+00:00", "level": "INFO", "logger": "sovereign_rag", "message": "Initialized MetadataStore connected to: sqlite:///./data/metadata.db", "module": "metadata_store", "func": "__init__", "line": 111}
{"timestamp": "2026-09-04T15:56:25.205815+00:00", "level": "INFO", "logger": "sovereign_rag", "message": "Built BM25 index with 2 chunks.", "module": "bm25", "func": "build_index", "line": 33}
{"timestamp": "2026-09-04T15:56:25.442571+00:00", "level": "INFO", "logger": "sovereign_rag", "message": "Built BM25 index with 2 chunks.", "module": "bm25", "func": "build_index", "line": 33}
{"timestamp": "2026-09-04T15:58:03.936269+00:00", "level": "INFO", "logger": "sovereign_rag", "message": "Loading local embedding model: sentence-transformers/all-MiniLM-L6-v2", "module": "embeddings", "func": "_load_model", "line": 61}
{"timestamp": "2026-09-04T15:58:12.419347+00:00", "level": "INFO", "logger": "sovereign_rag", "message": "SentenceTransformer model loaded successfully.", "module": "embeddings", "func": "_load_model", "line": 64}
{"timestamp": "2026-09-04T15:58:12.432022+00:00", "level": "INFO", "logger": "sovereign_rag", "message": "Loading local CrossEncoder reranker: cross-encoder/ms-marco-MiniLM-L-6-v2", "module": "reranker", "func": "_initialize", "line": 23}
{"timestamp": "2026-09-04T15:58:23.744634+00:00", "level": "INFO", "logger": "sovereign_rag", "message": "CrossEncoder reranker loaded successfully.", "module": "reranker", "func": "_initialize", "line": 25}
{"timestamp": "2026-09-04T15:58:24.971542+00:00", "level": "INFO", "logger": "sovereign_rag", "message": "Initializing embedded Qdrant on local disk at: data\\qdrant", "module": "vector_store", "func": "__init__", "line": 33}
{"timestamp": "2026-09-04T15:58:25.430706+00:00", "level": "INFO", "logger": "sovereign_rag", "message": "Initialized MetadataStore connected to: sqlite:///./data/metadata.db", "module": "metadata_store", "func": "__init__", "line": 111}
{"timestamp": "2026-09-04T15:58:25.462500+00:00", "level": "INFO", "logger": "sovereign_rag", "message": "Built BM25 index with 2 chunks.", "module": "bm25", "func": "build_index", "line": 33}
{"timestamp": "2026-09-04T15:58:25.467505+00:00", "level": "INFO", "logger": "sovereign_rag", "message": "Built BM25 index with 2 chunks.", "module": "bm25", "func": "build_index", "line": 33}
